Diagnose log at 2026-08-01T12:24:39Z

AppPath: C:\Program Files\Git\mingw64\bin\git-credential-manager.exe
InstallDir: C:\Program Files\Git\mingw64\bin\
Version: 2.9.0+194ba290ce533465310d50f811684ab180536ae7

------------
Diagnostic: Environment
Skipped: False
Success: True
Exception: None
Log:
OSType: Windows
OSVersion: 10.0 (build 26200)
Reading environment variables... OK
 Variables:
OneDriveConsumer=C:\Users\Admin\OneDrive
ProgramFiles(x86)=C:\Program Files (x86)
MSYSTEM=MINGW64
ProgramW6432=C:\Program Files
ChocolateyInstall=C:\ProgramData\chocolatey
PROCESSOR_IDENTIFIER=AMD64 Family 25 Model 80 Stepping 0, AuthenticAMD
TMP=C:\Users\Admin\AppData\Local\Temp
PROCESSOR_ARCHITECTURE=AMD64
PATHEXT=.COM;.EXE;.BAT;.CMD;.VBS;.VBE;.JS;.JSE;.WSF;.WSH;.MSC;.PY;.PYW;.CPL
HOMEPATH=\Users\Admin
PROCESSOR_REVISION=5000
ChocolateyLastPathUpdate=134092569956624515
USERPROFILE=C:\Users\Admin
CommonProgramFiles(x86)=C:\Program Files (x86)\Common Files
LOGONSERVER=\\PRAVIN-TOKADE
EFC_13144_4126798990=1
USERNAME=Admin
SystemRoot=C:\WINDOWS
TEMP=C:\Users\Admin\AppData\Local\Temp
GIT_EXEC_PATH=C:/Program Files/Git/mingw64/libexec/git-core
PLINK_PROTOCOL=ssh
OneDrive=C:\Users\Admin\OneDrive
USERDOMAIN_ROAMINGPROFILE=PRAVIN-TOKADE
CommonProgramFiles=C:\Program Files\Common Files
ProgramData=C:\ProgramData
LC_CTYPE=C.UTF-8
IntelliJ IDEA=C:\Program Files\JetBrains\IntelliJ IDEA 2023.3.2\bin;
COMPUTERNAME=PRAVIN-TOKADE
ALLUSERSPROFILE=C:\ProgramData
CommonProgramW6432=C:\Program Files\Common Files
TERM=xterm-256color
MAVEN_HOME=C:\Program Files\apache-maven-3.9.11
IntelliJ IDEA Community Edition=C:\Program Files\JetBrains\IntelliJ IDEA Community Edition 2025.1.2\bin;
SDL_AUDIODRIVER=directsound
EFC_13144_1592913036=1
SESSIONNAME=Console
DriverData=C:\Windows\System32\Drivers\DriverData
HOMEDRIVE=C:
windir=C:\WINDOWS
GIT_TRACE2_PARENT_SID=e38ffc8f-cd78-4773-84a9-0d456024e1ac
SystemDrive=C:
NUMBER_OF_PROCESSORS=12
OS=Windows_NT
ProgramFiles=C:\Program Files
ComSpec=C:\WINDOWS\system32\cmd.exe
HOME=C:\Users\Admin
JAVA_HOME=C:\Program Files\Java\jdk-25
PSModulePath=C:\Users\Admin\OneDrive\Documents\WindowsPowerShell\Modules;C:\Program Files\WindowsPowerShell\Modules;C:\WINDOWS\system32\WindowsPowerShell\v1.0\Modules
TMPDIR=C:\Users\Admin\AppData\Local\Temp
APPDATA=C:\Users\Admin\AppData\Roaming
USERDOMAIN=PRAVIN-TOKADE
PROCESSOR_LEVEL=25
LOCALAPPDATA=C:\Users\Admin\AppData\Local
Path=C:/Program Files/Git/mingw64/libexec/git-core;C:\Program Files\Git\mingw64\bin;C:\Program Files\Git\usr\bin;C:\Users\Admin\bin;C:\Program Files\Microsoft SDKs\Azure\CLI2\wbin;C:\Python314\Scripts\;C:\Python314\;C:\Program Files\Common Files\Oracle\Java\javapath;C:\Windows\system32;C:\Windows;C:\Windows\System32\Wbem;C:\Windows\System32\WindowsPowerShell\v1.0\;C:\Windows\System32\OpenSSH\;C:\Program Files (x86)\NVIDIA Corporation\PhysX\Common;C:\WINDOWS\system32;C:\WINDOWS;C:\WINDOWS\System32\Wbem;C:\WINDOWS\System32\WindowsPowerShell\v1.0\;C:\WINDOWS\System32\OpenSSH\;C:\Program Files\Java\jdk-25\bin;C:\Program Files\apache-maven-3.9.11\bin;C:\Program Files\nodejs\;C:\ProgramData\chocolatey\bin;C:\Users\Admin\AppData\Local\Android\Sdk\platform-tools;C:\Program Files\NVIDIA Corporation\NVIDIA App\NvDLISR;C:\Program Files\Git\cmd;C:\Users\Admin\scoop\shims;C:\Users\Admin\AppData\Local\Microsoft\WindowsApps;C:\Users\Admin\AppData\Local\Programs\Microsoft VS Code\bin;C:\Users\Admin\AppData\Local\Programs\Python\Python311\Scripts;C:\Program Files\JetBrains\IntelliJ IDEA 2023.3.2\bin;;C:\Program Files\JetBrains\IntelliJ IDEA Community Edition 2025.1.2\bin;;C:\Users\Admin\AppData\Roaming\npm;C:\Users\Admin\AppData\Local\Android\Sdk\platform-tools;
ALLURE_HOME=C:\Users\Admin\scoop\apps\allure\current
COLORTERM=truecolor
PUBLIC=C:\Users\Public
ANDROID_HOME=C:\Users\Admin\AppData\Local\Android\Sdk


------------
Diagnostic: File system
Skipped: False
Success: True
Exception: None
Log:
Temporary directory is 'C:\Users\Admin\AppData\Local\Temp\'...
Checking basic file I/O...
Writing to temporary file 'C:\Users\Admin\AppData\Local\Temp\94934d8c9d5d8a373b511bd5'... OK
Reading from temporary file 'C:\Users\Admin\AppData\Local\Temp\94934d8c9d5d8a373b511bd5'... OK
Deleting temporary file 'C:\Users\Admin\AppData\Local\Temp\94934d8c9d5d8a373b511bd5'... OK
Testing IFileSystem instance...
UserHomePath: C:\Users\Admin
UserDataDirectoryPath: C:\Users\Admin\.gcm
GetCurrentDirectory(): C:\Nilesh_Playwright

------------
Diagnostic: Networking
Skipped: False
Success: True
Exception: None
Log:
Checking networking and HTTP stack...
Creating HTTP client... OK
IsNetworkAvailable: True
Sending HEAD request to http://example.com... OK
Sending HEAD request to https://example.com... OK
Acquiring free TCP port... OK
Testing local HTTP loopback connections...
Creating new HTTP listener for http://localhost:62004/... OK
Waiting for loopback connection... OK
Writing response... OK
Waiting for response data... OK
Loopback connection data OK

------------
Diagnostic: Git
Skipped: False
Success: True
Exception: None
Log:
Getting Git version... OK
Git version is '2.55.0.windows.3'
Locating current repository...Git repository at 'C:/Nilesh_Playwright/.git'
 OK
Listing all Git configuration... OK
Git configuration:
file:C:/Program Files/Git/etc/gitconfig	diff.astextplain.textconv=astextplain
file:C:/Program Files/Git/etc/gitconfig	filter.lfs.clean=git-lfs clean -- %f
file:C:/Program Files/Git/etc/gitconfig	filter.lfs.smudge=git-lfs smudge -- %f
file:C:/Program Files/Git/etc/gitconfig	filter.lfs.process=git-lfs filter-process
file:C:/Program Files/Git/etc/gitconfig	filter.lfs.required=true
file:C:/Program Files/Git/etc/gitconfig	http.sslbackend=openssl
file:C:/Program Files/Git/etc/gitconfig	http.sslcainfo=C:/Program Files/Git/mingw64/etc/ssl/certs/ca-bundle.crt
file:C:/Program Files/Git/etc/gitconfig	core.autocrlf=true
file:C:/Program Files/Git/etc/gitconfig	core.fscache=true
file:C:/Program Files/Git/etc/gitconfig	core.symlinks=false
file:C:/Program Files/Git/etc/gitconfig	pull.rebase=false
file:C:/Program Files/Git/etc/gitconfig	credential.helper=manager
file:C:/Program Files/Git/etc/gitconfig	credential.https://dev.azure.com.usehttppath=true
file:C:/Program Files/Git/etc/gitconfig	init.defaultbranch=master
file:C:/Users/Admin/.gitconfig	user.email=nileshadole963@gmail.com
file:C:/Users/Admin/.gitconfig	user.name=Pravin Tokade
file:C:/Users/Admin/.gitconfig	credential.https://simplilearn.git.beanstalkapp.com.provider=generic
file:.git/config	core.repositoryformatversion=0
file:.git/config	core.filemode=false
file:.git/config	core.bare=false
file:.git/config	core.logallrefupdates=true
file:.git/config	core.symlinks=false
file:.git/config	core.ignorecase=true
file:.git/config	remote.origin.url=https://github.com/Nilesh8149/QAOpsPlaywright.git
file:.git/config	remote.origin.fetch=+refs/heads/*:refs/remotes/origin/*


------------
Diagnostic: Credential storage
Skipped: False
Success: True
Exception: None
Log:
ICredentialStore instance is of type: CredentialStore
Writing test credential... OK
Reading test credential... OK
Deleting test credential... OK

------------
Diagnostic: Microsoft authentication (AAD/MSA)
Skipped: False
Success: True
Exception: None
Log:
Broker is not enabled.
Gathering MSAL token cache data... OK
CacheDirectory: C:\Users\Admin\AppData\Local\.IdentityService
CacheFileName: msal.cache
CacheFilePath: C:\Users\Admin\AppData\Local\.IdentityService\msal.cache
Creating cache helper... OK
Verifying MSAL token cache persistence... OK

------------
Diagnostic: GitHub API
Skipped: False
Success: True
Exception: None
Log:
Using 'https://github.com/' as API target.
Querying '/meta' endpoint... OK

